[2026-09-23 23:25:27Z] driver starting; 63 of 100 cells remaining
[2026-09-23 23:25:27Z] dropping 16 rows that failed at generation so they are retried
[2026-09-23 23:25:27Z] pass starting; 63 cells remaining
[2026-09-23 23:26:03Z] pass finished; 1 cells completed, 62 remaining
[2026-09-23 23:26:03Z] sleeping 7.6 h until the quota resets
[2026-09-24 07:06:00Z] pass starting; 62 cells remaining
[2026-09-24 07:29:09Z] pass finished; 18 cells completed, 44 remaining
[2026-09-24 07:29:09Z] sleeping 23.6 h until the quota resets
[2026-09-25 07:06:00Z] pass starting; 44 cells remaining
[2026-09-25 07:28:35Z] pass finished; 18 cells completed, 26 remaining
[2026-09-25 07:28:35Z] sleeping 23.6 h until the quota resets
[2026-09-26 07:06:00Z] pass starting; 26 cells remaining
[2026-09-26 07:26:58Z] pass finished; 17 cells completed, 9 remaining
[2026-09-26 07:26:58Z] sleeping 23.6 h until the quota resets
[2026-09-26T15:05:42Z] driver stopped manually; finishing remaining cells with billing enabled
[2026-09-26T15:11:44Z] driver restarted after manual top-up (6 cells remaining)
[2026-09-26 15:11:44Z] driver starting; 6 of 100 cells remaining
[2026-09-26 15:11:44Z] pass starting; 6 cells remaining
[2026-09-26 15:11:45Z] pass finished; 0 cells completed, 6 remaining
[2026-09-26 15:11:45Z] sleeping 15.9 h until the quota resets
[2026-09-27T03:20:30Z] grid completed manually with a second API key; driver stopped
