/home/holiday01/autofl/fl_runtime/run_simulation_non_iid.py:101: DeprecationWarning: __array__ implementation doesn't accept a copy keyword, so passing copy=False failed. __array__ must implement 'dtype' and 'copy' keyword arguments.
  targets = np.array(ds.targets)
==================================================
Hardware Profile
==================================================
  GPU 0: NVIDIA Graphics Device  VRAM=16303MB  Free=15850MB
  CPU cores : 24
  RAM       : 125.3 GB
  CUDA      : True

Suggested local overrides:
  batch_size           = 16
  num_workers          = 4
  use_amp              = True
  gradient_accumulation= 1
==================================================
AutoFL Non-IID FL Simulation (v2)
CUDA_VISIBLE_DEVICES=unset
torch.cuda.is_available()=True
Working on 60000 samples, 5 rounds, 3 clients.

Partition iid:
  site-1: size=20000 hist=[1972, 2267, 2005, 2115, 1985, 1818, 1957, 2039, 1894, 1948]
  site-2: size=20000 hist=[1909, 2207, 1945, 2002, 1949, 1863, 1999, 2100, 2029, 1997]
  site-3: size=20000 hist=[2042, 2268, 2008, 2014, 1908, 1740, 1962, 2126, 1928, 2004]

Partition dirichlet_0.5:
  site-1: size=16986 hist=[1010, 1620, 1643, 796, 2661, 163, 1829, 51, 3379, 3834]
  site-2: size=23249 hist=[3193, 2556, 3386, 3971, 500, 3194, 501, 3481, 2467, 0]
  site-3: size=19765 hist=[1720, 2566, 929, 1364, 2681, 2064, 3588, 2733, 5, 2115]

Partition dirichlet_0.1:
  site-1: size=18063 hist=[28, 6715, 5957, 0, 1, 5164, 58, 3, 0, 137]
  site-2: size=23662 hist=[5493, 3, 0, 2, 5818, 0, 113, 1567, 4855, 5811]
  site-3: size=18275 hist=[402, 24, 1, 6129, 23, 257, 5747, 4695, 996, 1]

================================================================
FL setting: IID | 3 clients | 5 rounds
================================================================

Round 1/5
    [site-1] loss=0.3074 steps=1250 n=20000 2.73s
    [site-2] loss=0.3148 steps=1250 n=20000 2.12s
    [site-3] loss=0.3330 steps=1250 n=20000 2.34s
  Aggregated loss (sample-weighted): 0.3184  (7.33s)

Round 2/5
    [site-1] loss=0.1472 steps=1250 n=20000 2.01s
    [site-2] loss=0.1492 steps=1250 n=20000 2.0s
    [site-3] loss=0.1438 steps=1250 n=20000 3.73s
  Aggregated loss (sample-weighted): 0.1468  (7.83s)

Round 3/5
    [site-1] loss=0.1053 steps=1250 n=20000 4.34s
    [site-2] loss=0.1038 steps=1250 n=20000 4.63s
    [site-3] loss=0.1054 steps=1250 n=20000 3.66s
  Aggregated loss (sample-weighted): 0.1048  (12.71s)

Round 4/5
    [site-1] loss=0.0910 steps=1250 n=20000 2.78s
    [site-2] loss=0.0930 steps=1250 n=20000 3.67s
    [site-3] loss=0.0851 steps=1250 n=20000 3.16s
  Aggregated loss (sample-weighted): 0.0897  (9.69s)

Round 5/5
    [site-1] loss=0.0794 steps=1250 n=20000 2.52s
    [site-2] loss=0.0780 steps=1250 n=20000 2.1s
    [site-3] loss=0.0739 steps=1250 n=20000 2.0s
  Aggregated loss (sample-weighted): 0.0771  (6.74s)

================================================================
FL setting: Dirichlet alpha=0.5 | 3 clients | 5 rounds
================================================================

Round 1/5
    [site-1] loss=0.3064 steps=1062 n=16986 1.72s
    [site-2] loss=0.2323 steps=1454 n=23249 2.36s
    [site-3] loss=0.2630 steps=1236 n=19765 2.9s
  Aggregated loss (sample-weighted): 0.2634  (7.08s)

Round 2/5
    [site-1] loss=0.1385 steps=1062 n=16986 1.69s
    [site-2] loss=0.1176 steps=1454 n=23249 2.38s
    [site-3] loss=0.1254 steps=1236 n=19765 4.17s
  Aggregated loss (sample-weighted): 0.1261  (8.35s)

Round 3/5
    [site-1] loss=0.1051 steps=1062 n=16986 4.14s
    [site-2] loss=0.0922 steps=1454 n=23249 3.5s
    [site-3] loss=0.0937 steps=1236 n=19765 1.92s
  Aggregated loss (sample-weighted): 0.0964  (9.66s)

Round 4/5
    [site-1] loss=0.0898 steps=1062 n=16986 2.85s
    [site-2] loss=0.0724 steps=1454 n=23249 3.0s
    [site-3] loss=0.0803 steps=1236 n=19765 2.96s
  Aggregated loss (sample-weighted): 0.0799  (8.92s)

Round 5/5
    [site-1] loss=0.0800 steps=1062 n=16986 1.66s
    [site-2] loss=0.0633 steps=1454 n=23249 3.4s
    [site-3] loss=0.0698 steps=1236 n=19765 2.29s
  Aggregated loss (sample-weighted): 0.0701  (7.47s)

================================================================
FL setting: Dirichlet alpha=0.1 | 3 clients | 5 rounds
================================================================

Round 1/5
    [site-1] loss=0.0924 steps=1129 n=18063 3.28s
    [site-2] loss=0.1576 steps=1479 n=23662 3.9s
    [site-3] loss=0.1400 steps=1143 n=18275 3.66s
  Aggregated loss (sample-weighted): 0.1326  (10.95s)

Round 2/5
    [site-1] loss=0.0518 steps=1129 n=18063 3.14s
    [site-2] loss=0.0917 steps=1479 n=23662 3.44s
    [site-3] loss=0.0833 steps=1143 n=18275 3.02s
  Aggregated loss (sample-weighted): 0.0771  (9.72s)

Round 3/5
    [site-1] loss=0.0419 steps=1129 n=18063 2.42s
    [site-2] loss=0.0685 steps=1479 n=23662 4.32s
    [site-3] loss=0.0653 steps=1143 n=18275 4.42s
  Aggregated loss (sample-weighted): 0.0595  (11.28s)

Round 4/5
    [site-1] loss=0.0375 steps=1129 n=18063 2.3s
    [site-2] loss=0.0600 steps=1479 n=23662 2.49s
    [site-3] loss=0.0538 steps=1143 n=18275 3.07s
  Aggregated loss (sample-weighted): 0.0513  (7.97s)

Round 5/5
    [site-1] loss=0.0384 steps=1129 n=18063 4.03s
    [site-2] loss=0.0553 steps=1479 n=23662 3.8s
    [site-3] loss=0.0466 steps=1143 n=18275 2.34s
  Aggregated loss (sample-weighted): 0.0476  (10.25s)

================================================================
Centralized baseline | full dataset | 5 epochs
================================================================
  Epoch 1/5 loss=0.1997 steps=3750 9.8s
  Epoch 2/5 loss=0.1016 steps=3750 6.47s
  Epoch 3/5 loss=0.0794 steps=3750 5.68s
  Epoch 4/5 loss=0.0680 steps=3750 10.25s
  Epoch 5/5 loss=0.0588 steps=3750 9.45s

Results JSON saved to fl_results/v2/simulation_non_iid_results.json
Figure saved to results/figures_v2/fig7_non_iid.pdf and results/figures_v2/fig7_non_iid.png
Notes saved to fl_results/v2/simulation_non_iid_notes.md

Total simulation time: 178.7s
Done.
